// Jest Snapshot v1, https://goo.gl/fbAQLP

exports[`renders correctly 1`] = `
<div>
  <label
    htmlFor="statusFilter"
  >
    Status filter
  </label>
  <br />
  <select
    className="block p-2 w-full text-sm text-gray-900 bg-gray-50 rounded-lg border border-gray-300 focus:ring-blue-500 focus:border-blue-500"
    name="statusFilter"
    onChange={[Function]}
    value="all"
  >
    <option
      value="all"
    >
      All Kiosks
    </option>
    <option
      value="open"
    >
      Opened Kiosks
    </option>
    <option
      value="closed"
    >
      Closed Kiosks
    </option>
  </select>
</div>
`;
