// Jest Snapshot v1, https://goo.gl/fbAQLP

exports[`renders correctly 1`] = `
<header>
  <nav
    className="bg-white border-gray-200 px-1 sm:px-4 py-2.5 rounded bg-gray-800"
  >
    <div
      className="container flex flex-wrap justify-between items-center mx-auto"
    >
      <a
        className="self-center text-xl font-semibold whitespace-nowrap text-white"
        href="/"
        onClick={[Function]}
      >
        Kiosk Management App
      </a>
    </div>
  </nav>
</header>
`;
