// Jest Snapshot v1, https://goo.gl/fbAQLP

exports[`renders correctly 1`] = `
<header>
  <nav
    className="flex align-center bg-white border-gray-200 px-1 sm:px-4 py-2.5 bg-gray-800"
  >
    <a
      className="block text-xl font-semibold rounded hover:bg-gray-700 text-white mr-8 p-2"
      href="/"
      onClick={[Function]}
    >
      Kiosk Management App
    </a>
    <a
      className="block rounded p-2 text-white border-gray-100 hover:bg-gray-700 mr-4"
      href="/"
      onClick={[Function]}
    >
      Kiosks
    </a>
    <a
      className="block rounded p-2 text-white border-gray-100 hover:bg-gray-700"
      href="/logs"
      onClick={[Function]}
    >
      Logs
    </a>
  </nav>
</header>
`;
